
Welcome to Gradle 8.13!

Here are the highlights of this release:
 - Daemon JVM auto-provisioning
 - Enhancements for Scala plugin and JUnit testing
 - Improvements for build authors and plugin developers

For more details see https://docs.gradle.org/8.13/release-notes.html

To honour the JVM settings for this build a single-use Daemon process will be forked. For more on this, please refer to https://docs.gradle.org/8.13/userguide/gradle_daemon.html#sec:disabling_the_daemon in the Gradle documentation.
Daemon will be stopped at the end of the build 
> Task :app:preBuild UP-TO-DATE
> Task :app:preDebugBuild UP-TO-DATE
> Task :app:mergeDebugNativeDebugMetadata NO-SOURCE
> Task :app:checkKotlinGradlePluginConfigurationErrors SKIPPED
> Task :app:generateDebugBuildConfig
> Task :app:checkDebugAarMetadata
> Task :app:processDebugNavigationResources
> Task :app:generateDebugResValues
> Task :app:compileDebugNavigationResources
> Task :app:mapDebugSourceSetPaths
> Task :app:generateDebugResources
> Task :app:packageDebugResources
> Task :app:mergeDebugResources
> Task :app:createDebugCompatibleScreenManifests
> Task :app:extractDeepLinksDebug
> Task :app:parseDebugLocalResources
> Task :app:processDebugMainManifest
> Task :app:processDebugManifest
> Task :app:processDebugManifestForPackage
> Task :app:javaPreCompileDebug
> Task :app:mergeDebugShaders
> Task :app:compileDebugShaders NO-SOURCE
> Task :app:generateDebugAssets UP-TO-DATE
> Task :app:mergeDebugAssets
> Task :app:desugarDebugFileDependencies
> Task :app:processDebugResources
> Task :app:compressDebugAssets
> Task :app:checkDebugDuplicateClasses
> Task :app:kaptGenerateStubsDebugKotlin
> Task :app:mergeExtDexDebug
> Task :app:mergeDebugJniLibFolders
> Task :app:mergeLibDexDebug
> Task :app:mergeDebugNativeLibs
> Task :app:validateSigningDebug
> Task :app:writeDebugAppMetadata
> Task :app:writeDebugSigningConfigVersions

> Task :app:stripDebugDebugSymbols
Unable to strip the following libraries, packaging them as they are: libandroidx.graphics.path.so, libdatastore_shared_counter.so. Run with --info option to learn more.

> Task :app:kaptDebugKotlin

> Task :app:compileDebugKotlin
w: file:///home/runner/work/SofleCase-build/SofleCase-build/careerpilot/app/src/main/java/com/careerpilot/ai/auth/AuthManager.kt:7:8 'class GoogleSignIn : Any' is deprecated. Deprecated in Java.
w: file:///home/runner/work/SofleCase-build/SofleCase-build/careerpilot/app/src/main/java/com/careerpilot/ai/auth/AuthManager.kt:8:8 'class GoogleSignInClient : GoogleApi<GoogleSignInOptions!>' is deprecated. Deprecated in Java.
w: file:///home/runner/work/SofleCase-build/SofleCase-build/careerpilot/app/src/main/java/com/careerpilot/ai/auth/AuthManager.kt:9:8 'class GoogleSignInOptions : AbstractSafeParcelable, Api.ApiOptions.Optional, ReflectedParcelable' is deprecated. Deprecated in Java.
w: file:///home/runner/work/SofleCase-build/SofleCase-build/careerpilot/app/src/main/java/com/careerpilot/ai/auth/AuthManager.kt:148:53 'class GoogleSignInClient : GoogleApi<GoogleSignInOptions!>' is deprecated. Deprecated in Java.
w: file:///home/runner/work/SofleCase-build/SofleCase-build/careerpilot/app/src/main/java/com/careerpilot/ai/auth/AuthManager.kt:150:23 'class GoogleSignInOptions : AbstractSafeParcelable, Api.ApiOptions.Optional, ReflectedParcelable' is deprecated. Deprecated in Java.
w: file:///home/runner/work/SofleCase-build/SofleCase-build/careerpilot/app/src/main/java/com/careerpilot/ai/auth/AuthManager.kt:150:51 'class GoogleSignInOptions : AbstractSafeParcelable, Api.ApiOptions.Optional, ReflectedParcelable' is deprecated. Deprecated in Java.
w: file:///home/runner/work/SofleCase-build/SofleCase-build/careerpilot/app/src/main/java/com/careerpilot/ai/auth/AuthManager.kt:154:16 'class GoogleSignIn : Any' is deprecated. Deprecated in Java.
w: file:///home/runner/work/SofleCase-build/SofleCase-build/careerpilot/app/src/main/java/com/careerpilot/ai/automation/GmailService.kt:5:8 'class GoogleSignIn : Any' is deprecated. Deprecated in Java.
w: file:///home/runner/work/SofleCase-build/SofleCase-build/careerpilot/app/src/main/java/com/careerpilot/ai/automation/GmailService.kt:6:8 'class AndroidHttp : Any' is deprecated. Deprecated in Java.
w: file:///home/runner/work/SofleCase-build/SofleCase-build/careerpilot/app/src/main/java/com/careerpilot/ai/automation/GmailService.kt:25:23 'class GoogleSignIn : Any' is deprecated. Deprecated in Java.
w: file:///home/runner/work/SofleCase-build/SofleCase-build/careerpilot/app/src/main/java/com/careerpilot/ai/automation/GmailService.kt:36:13 'class AndroidHttp : Any' is deprecated. Deprecated in Java.
w: file:///home/runner/work/SofleCase-build/SofleCase-build/careerpilot/app/src/main/java/com/careerpilot/ai/ui/auth/LoginScreen.kt:55:8 'class GoogleSignIn : Any' is deprecated. Deprecated in Java.
w: file:///home/runner/work/SofleCase-build/SofleCase-build/careerpilot/app/src/main/java/com/careerpilot/ai/ui/auth/LoginScreen.kt:92:13 'class GoogleSignIn : Any' is deprecated. Deprecated in Java.
w: file:///home/runner/work/SofleCase-build/SofleCase-build/careerpilot/app/src/main/java/com/careerpilot/ai/ui/auth/LoginScreen.kt:516:36 'val Icons.Rounded.ArrowForward: ImageVector' is deprecated. Use the AutoMirrored version at Icons.AutoMirrored.Rounded.ArrowForward.
w: file:///home/runner/work/SofleCase-build/SofleCase-build/careerpilot/app/src/main/java/com/careerpilot/ai/ui/screens/ApplicationPackScreen.kt:66:67 'val Icons.Rounded.ArrowBack: ImageVector' is deprecated. Use the AutoMirrored version at Icons.AutoMirrored.Rounded.ArrowBack.
w: file:///home/runner/work/SofleCase-build/SofleCase-build/careerpilot/app/src/main/java/com/careerpilot/ai/ui/screens/ApplicationPackScreen.kt:90:28 Elvis operator (?:) always returns the left operand of non-nullable type 'String'.
w: file:///home/runner/work/SofleCase-build/SofleCase-build/careerpilot/app/src/main/java/com/careerpilot/ai/ui/screens/ApplicationPackScreen.kt:99:45 Unnecessary non-null assertion (!!) on a non-null receiver of type 'ApplicationPackSnapshot'.
w: file:///home/runner/work/SofleCase-build/SofleCase-build/careerpilot/app/src/main/java/com/careerpilot/ai/ui/screens/ApplicationPackScreen.kt:199:44 'val Icons.Rounded.Launch: ImageVector' is deprecated. Use the AutoMirrored version at Icons.AutoMirrored.Rounded.Launch.
w: file:///home/runner/work/SofleCase-build/SofleCase-build/careerpilot/app/src/main/java/com/careerpilot/ai/ui/screens/ApplicationPackScreen.kt:265:44 'val Icons.Rounded.OpenInNew: ImageVector' is deprecated. Use the AutoMirrored version at Icons.AutoMirrored.Rounded.OpenInNew.
w: file:///home/runner/work/SofleCase-build/SofleCase-build/careerpilot/app/src/main/java/com/careerpilot/ai/ui/screens/CopilotScreen.kt:67:63 'val Icons.Rounded.HelpCenter: ImageVector' is deprecated. Use the AutoMirrored version at Icons.AutoMirrored.Rounded.HelpCenter.
w: file:///home/runner/work/SofleCase-build/SofleCase-build/careerpilot/app/src/main/java/com/careerpilot/ai/ui/screens/CopilotScreen.kt:126:40 'val Icons.Rounded.Send: ImageVector' is deprecated. Use the AutoMirrored version at Icons.AutoMirrored.Rounded.Send.
w: file:///home/runner/work/SofleCase-build/SofleCase-build/careerpilot/app/src/main/java/com/careerpilot/ai/ui/screens/DashboardScreen.kt:157:131 'val Icons.Rounded.ArrowForward: ImageVector' is deprecated. Use the AutoMirrored version at Icons.AutoMirrored.Rounded.ArrowForward.
w: file:///home/runner/work/SofleCase-build/SofleCase-build/careerpilot/app/src/main/java/com/careerpilot/ai/ui/screens/InterviewScreen.kt:133:45 'val Icons.Rounded.Send: ImageVector' is deprecated. Use the AutoMirrored version at Icons.AutoMirrored.Rounded.Send.
w: file:///home/runner/work/SofleCase-build/SofleCase-build/careerpilot/app/src/main/java/com/careerpilot/ai/ui/screens/JobsScreen.kt:235:36 'val Icons.Rounded.Launch: ImageVector' is deprecated. Use the AutoMirrored version at Icons.AutoMirrored.Rounded.Launch.
w: file:///home/runner/work/SofleCase-build/SofleCase-build/careerpilot/app/src/main/java/com/careerpilot/ai/ui/screens/JobsScreen.kt:355:181 'val Icons.Rounded.Launch: ImageVector' is deprecated. Use the AutoMirrored version at Icons.AutoMirrored.Rounded.Launch.
w: file:///home/runner/work/SofleCase-build/SofleCase-build/careerpilot/app/src/main/java/com/careerpilot/ai/ui/screens/OnboardingScreen.kt:56:81 'val Icons.Rounded.ArrowBack: ImageVector' is deprecated. Use the AutoMirrored version at Icons.AutoMirrored.Rounded.ArrowBack.
w: file:///home/runner/work/SofleCase-build/SofleCase-build/careerpilot/app/src/main/java/com/careerpilot/ai/ui/screens/OnboardingScreen.kt:109:96 'val Icons.Rounded.ArrowForward: ImageVector' is deprecated. Use the AutoMirrored version at Icons.AutoMirrored.Rounded.ArrowForward.
w: file:///home/runner/work/SofleCase-build/SofleCase-build/careerpilot/app/src/main/java/com/careerpilot/ai/ui/screens/ResumeScreen.kt:320:36 'val Icons.Rounded.OpenInNew: ImageVector' is deprecated. Use the AutoMirrored version at Icons.AutoMirrored.Rounded.OpenInNew.
w: file:///home/runner/work/SofleCase-build/SofleCase-build/careerpilot/app/src/main/java/com/careerpilot/ai/ui/screens/SettingsScreen.kt:111:40 'val Icons.Rounded.Logout: ImageVector' is deprecated. Use the AutoMirrored version at Icons.AutoMirrored.Rounded.Logout.
w: file:///home/runner/work/SofleCase-build/SofleCase-build/careerpilot/app/src/main/java/com/careerpilot/ai/ui/theme/Theme.kt:54:20 'var statusBarColor: Int' is deprecated. Deprecated in Java.
w: file:///home/runner/work/SofleCase-build/SofleCase-build/careerpilot/app/src/main/java/com/careerpilot/ai/ui/theme/Theme.kt:55:20 'var navigationBarColor: Int' is deprecated. Deprecated in Java.

> Task :app:compileDebugJavaWithJavac
> Task :app:dexBuilderDebug
> Task :app:mergeDebugGlobalSynthetics
> Task :app:processDebugJavaRes
> Task :app:mergeProjectDexDebug
> Task :app:mergeDebugJavaResource
> Task :app:packageDebug
> Task :app:createDebugApkListingFileRedirect
> Task :app:assembleDebug
gradle/actions: Writing build results to /home/runner/work/_temp/.gradle-actions/build-results/build_apk-1785928203550.json

BUILD SUCCESSFUL in 4m 19s
41 actionable tasks: 41 executed
